c:\users\цифроскупка\desktop\kursach\kursach\x64\debug\kursach.pch
c:\users\цифроскупка\desktop\kursach\kursach\x64\debug\vc143.pdb
c:\users\цифроскупка\desktop\kursach\kursach\x64\debug\vc143.idb
c:\users\цифроскупка\desktop\kursach\kursach\x64\debug\pch.obj
c:\users\цифроскупка\desktop\kursach\kursach\x64\debug\kursachdlg.obj
c:\users\цифроскупка\desktop\kursach\kursach\x64\debug\kursach.obj
c:\users\цифроскупка\desktop\kursach\x64\debug\kursach.exe
c:\users\цифроскупка\desktop\kursach\kursach\x64\debug\kursach.ilk
c:\users\цифроскупка\desktop\kursach\x64\debug\kursach.pdb
c:\users\цифроскупка\desktop\kursach\kursach\x64\debug\kursach.res
c:\users\цифроскупка\desktop\kursach\kursach\x64\debug\kapi5.tli
c:\users\цифроскупка\desktop\kursach\kursach\x64\debug\kapi5.tlh
c:\users\цифроскупка\desktop\kursach\kursach\x64\debug\ksconstants3d.tlh
c:\users\цифроскупка\desktop\kursach\kursach\x64\debug\kursach.tlog\cl.command.1.tlog
c:\users\цифроскупка\desktop\kursach\kursach\x64\debug\kursach.tlog\cl.read.1.tlog
c:\users\цифроскупка\desktop\kursach\kursach\x64\debug\kursach.tlog\cl.write.1.tlog
c:\users\цифроскупка\desktop\kursach\kursach\x64\debug\kursach.tlog\link.command.1.tlog
c:\users\цифроскупка\desktop\kursach\kursach\x64\debug\kursach.tlog\link.read.1.tlog
c:\users\цифроскупка\desktop\kursach\kursach\x64\debug\kursach.tlog\link.write.1.tlog
c:\users\цифроскупка\desktop\kursach\kursach\x64\debug\kursach.tlog\rc.command.1.tlog
c:\users\цифроскупка\desktop\kursach\kursach\x64\debug\kursach.tlog\rc.read.1.tlog
c:\users\цифроскупка\desktop\kursach\kursach\x64\debug\kursach.tlog\rc.write.1.tlog
