c:\users\цифроскупка\desktop\databaselr2\databaselr\databaselr\x64\debug\databaselr.pch
c:\users\цифроскупка\desktop\databaselr2\databaselr\databaselr\x64\debug\vc143.pdb
c:\users\цифроскупка\desktop\databaselr2\databaselr\databaselr\x64\debug\vc143.idb
c:\users\цифроскупка\desktop\databaselr2\databaselr\databaselr\x64\debug\pch.obj
c:\users\цифроскупка\desktop\databaselr2\databaselr\databaselr\x64\debug\databaselrview.obj
c:\users\цифроскупка\desktop\databaselr2\databaselr\databaselr\x64\debug\databaselrdoc.obj
c:\users\цифроскупка\desktop\databaselr2\databaselr\databaselr\x64\debug\databaselr.obj
c:\users\цифроскупка\desktop\databaselr2\databaselr\databaselr\x64\debug\mainfrm.obj
c:\users\цифроскупка\desktop\databaselr2\databaselr\databaselr\x64\debug\mytree.obj
c:\users\цифроскупка\desktop\databaselr2\databaselr\databaselr\x64\debug\cdialogchange.obj
c:\users\цифроскупка\desktop\databaselr2\databaselr\databaselr\x64\debug\addforbooking.obj
c:\users\цифроскупка\desktop\databaselr2\databaselr\databaselr\x64\debug\addforrooms.obj
c:\users\цифроскупка\desktop\databaselr2\databaselr\databaselr\x64\debug\addforclient.obj
c:\users\цифроскупка\desktop\databaselr2\databaselr\databaselr\x64\debug\deletitem.obj
c:\users\цифроскупка\desktop\databaselr2\databaselr\databaselr\x64\debug\filteritem.obj
c:\users\цифроскупка\desktop\databaselr2\databaselr\x64\debug\databaselr.exe
c:\users\цифроскупка\desktop\databaselr2\databaselr\databaselr\x64\debug\databaselr.ilk
c:\users\цифроскупка\desktop\databaselr2\databaselr\x64\debug\databaselr.pdb
c:\users\цифроскупка\desktop\databaselr2\databaselr\databaselr\x64\debug\databaselr.res
c:\users\цифроскупка\desktop\databaselr2\databaselr\databaselr\x64\debug\mylist.obj
c:\users\цифроскупка\desktop\databaselr2\databaselr\databaselr\x64\debug\databaselr.tlog\cl.command.1.tlog
c:\users\цифроскупка\desktop\databaselr2\databaselr\databaselr\x64\debug\databaselr.tlog\cl.items.tlog
c:\users\цифроскупка\desktop\databaselr2\databaselr\databaselr\x64\debug\databaselr.tlog\cl.read.1.tlog
c:\users\цифроскупка\desktop\databaselr2\databaselr\databaselr\x64\debug\databaselr.tlog\cl.write.1.tlog
c:\users\цифроскупка\desktop\databaselr2\databaselr\databaselr\x64\debug\databaselr.tlog\link.command.1.tlog
c:\users\цифроскупка\desktop\databaselr2\databaselr\databaselr\x64\debug\databaselr.tlog\link.read.1.tlog
c:\users\цифроскупка\desktop\databaselr2\databaselr\databaselr\x64\debug\databaselr.tlog\link.write.1.tlog
c:\users\цифроскупка\desktop\databaselr2\databaselr\databaselr\x64\debug\databaselr.tlog\rc.command.1.tlog
c:\users\цифроскупка\desktop\databaselr2\databaselr\databaselr\x64\debug\databaselr.tlog\rc.read.1.tlog
c:\users\цифроскупка\desktop\databaselr2\databaselr\databaselr\x64\debug\databaselr.tlog\rc.write.1.tlog
